[DATA_POINT]
1="tcp_connect"
2="tcp_connection_count"
3="mic_recv"
4="HTTP_200"
5="tcp_shutdown"
6="RETRY_KEEP_ALIVE"
[END_TRANSACTION]
1="vuser_init_Transaction"
2="http://127.0.0.1:1080/cgi-bin/welcome.pl?signOff=true"
3="http://127.0.0.1:1080/WebTours/home.html"
4="http://127.0.0.1:1080/cgi-bin/nav.pl?in=home"
5="http://127.0.0.1:1080/WebTours/images/mer_login.gif"
6="welcome.pl_CreateUsers_14"
7="home_page"
8="welcome.pl_2_ByeTicket_21"
9="welcome.pl_2_Search_Ticket_21"
10="welcome.pl_2_DeleteTicket_19"
11="welcome.pl_2_UserCaseName_20"
12="welcome.pl_2_ViewReservation_20"
13="http://127.0.0.1:1080/cgi-bin/login.pl?username=&password=&getInfo=true"
14="http://127.0.0.1:1080/WebTours/images/button_next.gif"
15="http://127.0.0.1:1080/WebTours/profileValidate.js"
16="login.pl_CreateUsers_33"
17="click_sing_up_now"
18="http://127.0.0.1:1080/cgi-bin/login.pl"
19="http://127.0.0.1:1080/cgi-bin/nav.pl?page=menu&in=home"
20="http://127.0.0.1:1080/WebTours/images/flights.gif"
21="http://127.0.0.1:1080/WebTours/images/signoff.gif"
22="http://127.0.0.1:1080/WebTours/images/itinerary.gif"
23="http://127.0.0.1:1080/WebTours/images/in_home.gif"
24="http://127.0.0.1:1080/cgi-bin/login.pl?intro=true"
25="login.pl_ByeTicket_40"
26="logon"
27="login.pl_Search_Ticket_40"
28="login.pl_DeleteTicket_38"
29="login.pl_UserCaseName_39"
30="login.pl_ViewReservation_39"
31="login.pl_2_CreateUsers_52"
32="customer_profile"
33="http://127.0.0.1:1080/cgi-bin/welcome.pl?page=search"
34="http://127.0.0.1:1080/cgi-bin/nav.pl?page=menu&in=flights"
35="http://127.0.0.1:1080/cgi-bin/reservations.pl?page=welcome"
36="http://127.0.0.1:1080/WebTours/images/in_flights.gif"
37="http://127.0.0.1:1080/WebTours/images/home.gif"
38="Search_Flights_Button_ByeTicket_66"
39="click_button_flights"
40="Search_Flights_But_Search_Ticket_65"
41="http://127.0.0.1:1080/cgi-bin/welcome.pl?page=itinerary"
42="http://127.0.0.1:1080/cgi-bin/nav.pl?page=menu&in=itinerary"
43="http://127.0.0.1:1080/WebTours/images/in_itinerary.gif"
44="http://127.0.0.1:1080/cgi-bin/itinerary.pl"
45="http://127.0.0.1:1080/WebTours/images/cancelreservation.gif"
46="http://127.0.0.1:1080/WebTours/images/cancelallreservations.gif"
47="welcome.pl_2_DeleteTicket_70"
48="click_button_itinerary"
49="find_flight"
50="http://127.0.0.1:1080/cgi-bin/reservations.pl"
51="reservations.pl_ByeTicket_95"
52="reservations.pl_Search_Ticket_94"
53="itinerary.pl_DeleteTicket_93"
54="select_and_delete_ticket"
55="UC_04_DeleteTicket"
56="DeleteTicket_Transaction"
57="http://127.0.0.1:1080/cgi-bin/welcome.pl?signOff=1"
58="SignOff_Button_UserCaseName_65"
59="logout"
60="UC_01_UserCaseName"
61="UserCaseName_Transaction"
62="http://127.0.0.1:1080/cgi-bin/welcome.pl?page=menus"
63="button_next.gif_CreateUsers_81"
64="click_button_continue"
65="welcome.pl_2_ViewReservation_71"
66="flight_selection"
67="reservations.pl_2_ByeTicket_128"
68="reservations.pl_2_Search_Ticket_127"
69="SignOff_Button_CreateUsers_100"
70="UC_05_CreateUsers"
71="CreateUsers_Transaction"
72="SignOff_Button_ViewReservation_90"
73="UC_06_ViewReservations"
74="ViewReservation_Transaction"
75="payment_details"
76="http://127.0.0.1:1080/WebTours/images/bookanother.gif"
77="reservations.pl_3_ByeTicket_155"
78="UC_02_SearchTicket"
79="Search_Ticket_Transaction"
80="SignOff_Button_Search_Ticket_154"
81="Itinerary_Button_ByeTicket_193"
82="SignOff_Button_ByeTicket_212"
83="UC_03_ByeTicket"
84="ByeTicket_Transaction"
85="vuser_end_Transaction"
